{
    "deeparg": {
        "content": [
            "sample_1.align.daa.tsv:md5,0e71c37318bdc6cba792196d0455293d",
            "sample_2.align.daa.tsv:md5,1092ecd3cd6931653168b46c7afeb9e3",
            "sample_3.align.daa.tsv:md5,b79070fe26acd1a10ae3aaf06b0d5901",
            true,
            true,
            true
        ],
        "meta": {
            "nf-test": "0.9.0",
            "nextflow": "24.04.3"
        },
        "timestamp": "2024-07-27T08:11:24.751995878"
    },
    "ampir": {
        "content": [
            true,
            "sample_1.ampir.faa:md5,ab02c6e9c5f36ba9c31af97f95f9c317",
            true,
            "sample_2.ampir.faa:md5,12826875bd18623da78770187a7bbd2c",
            true,
            "sample_3.ampir.faa:md5,0a36691485930a1b77c4b68a738fd98d"
        ],
        "meta": {
            "nf-test": "0.9.0",
            "nextflow": "24.04.3"
        },
        "timestamp": "2024-07-27T08:11:24.436374797"
    },
    "argnorm_amrfinderplus": {
        "content": [
            "sample_1.normalized.tsv:md5,0a7f76ceb606ac46730a51dd57290768",
            "sample_2.normalized.tsv:md5,602afce3ee0ee179855c848bd87208fe",
            "sample_3.normalized.tsv:md5,d4fb8fbd890217eb4d667d7a4dd80c9b"
        ],
        "meta": {
            "nf-test": "0.9.0",
            "nextflow": "24.04.3"
        },
        "timestamp": "2024-07-27T08:11:25.55764618"
    },
    "argnorm_abricate": {
        "content": [
            "sample_1.normalized.tsv:md5,ddd8d454672c57b798f477ca32504a42",
            "sample_2.normalized.tsv:md5,0323fc890a8f698ac4b0ac25f5e65964",
            "sample_3.normalized.tsv:md5,f71490c27790071bd5974ecc5502cf73"
        ],
        "meta": {
            "nf-test": "0.9.0",
            "nextflow": "24.04.3"
        },
        "timestamp": "2024-07-27T08:23:32.486921338"
    },
    "amplify": {
        "content": [
            true,
            true,
            true
        ],
        "meta": {
            "nf-test": "0.9.0",
            "nextflow": "24.04.3"
        },
        "timestamp": "2024-07-27T08:11:24.483855968"
    },
    "argnorm_deeparg": {
        "content": [
            "sample_1.ARG.normalized.tsv:md5,26aa409bfd0fc9096f2ac404760cc492",
            "sample_1.potential.ARG.normalized.tsv:md5,d6732b4b9765bfa47e27ba673e24b6a4",
            "sample_2.ARG.normalized.tsv:md5,1a19b894a7315aaae5f799e4539e6619",
            "sample_2.potential.ARG.normalized.tsv:md5,b241e22f9116d8f518ba8526d52ac4dc",
            "sample_3.ARG.normalized.tsv:md5,d40d387176649ce80827420fef6a0169",
            "sample_3.potential.ARG.normalized.tsv:md5,f331efd21ea143c180a15ae56a5210d3"
        ],
        "meta": {
            "nf-test": "0.9.0",
            "nextflow": "24.04.3"
        },
        "timestamp": "2024-07-27T08:23:32.446555281"
    },
    "macrel": {
        "content": [
            "sample_1.macrel.smorfs.faa.gz:md5,9cddad1e4b6dbcb76888f1a87db388ec",
            "sample_2.macrel.smorfs.faa.gz:md5,e055dd2a9e44f3dcaa8af7198600349c",
            "sample_3.macrel.smorfs.faa.gz:md5,9cddad1e4b6dbcb76888f1a87db388ec",
            "sample_1.macrel.all_orfs.faa.gz:md5,c276fb1ec494ff53ded1e6fc118e25b9",
            "sample_2.macrel.all_orfs.faa.gz:md5,e75e434a30922d80169d0666fd07e446",
            "sample_3.macrel.all_orfs.faa.gz:md5,c276fb1ec494ff53ded1e6fc118e25b9",
            "sample_1.macrel.prediction.gz:md5,0277725512f7d2954a99692bb65f1475",
            "sample_2.macrel.prediction.gz:md5,06f7ce99cfe6f364d38743aae094402a",
            "sample_3.macrel.prediction.gz:md5,0277725512f7d2954a99692bb65f1475",
            "README.md:md5,fa3706dfc95d0538a52c4d0d824be5fb",
            "README.md:md5,fa3706dfc95d0538a52c4d0d824be5fb",
            "README.md:md5,fa3706dfc95d0538a52c4d0d824be5fb",
            "sample_1.macrel_log.txt:md5,d41d8cd98f00b204e9800998ecf8427e",
            "sample_2.macrel_log.txt:md5,d41d8cd98f00b204e9800998ecf8427e",
            "sample_3.macrel_log.txt:md5,d41d8cd98f00b204e9800998ecf8427e"
        ],
        "meta": {
            "nf-test": "0.9.0",
            "nextflow": "24.04.3"
        },
        "timestamp": "2024-07-27T08:11:24.514344973"
    },
    "hamronization": {
        "content": [
            246
        ],
        "meta": {
            "nf-test": "0.9.0",
            "nextflow": "24.04.3"
        },
        "timestamp": "2024-09-05T10:17:06.711064611"
    },
    "abricate": {
        "content": [
            "sample_1.txt:md5,427cec26e354ac6b0ab6047ec6621202",
            "sample_2.txt:md5,4c140c932a48a22bcd8ae911bda8f4c7",
            "sample_3.txt:md5,d6534efe3d03173749d003bf9e624e68"
        ],
        "meta": {
            "nf-test": "0.9.0",
            "nextflow": "24.04.3"
        },
        "timestamp": "2024-07-27T08:11:24.87794287"
    },
    "fargene": {
        "content": [
            "results_summary.txt:md5,2c8a073d2a7938e8aedcc097e6df2aa5",
            "results_summary.txt:md5,3b86a5513e89e22a4c8b9279678ce0c0",
            "results_summary.txt:md5,2c8a073d2a7938e8aedcc097e6df2aa5",
            "results_summary.txt:md5,59f2e69c670d72f0c0a401e0dc90cbeb",
            "results_summary.txt:md5,59f2e69c670d72f0c0a401e0dc90cbeb",
            "results_summary.txt:md5,59f2e69c670d72f0c0a401e0dc90cbeb"
        ],
        "meta": {
            "nf-test": "0.9.0",
            "nextflow": "24.04.3"
        },
        "timestamp": "2024-07-27T08:11:25.248986515"
    },
    "rgi": {
        "content": [
            "sample_1.txt:md5,dde77ae2dc240ee4717d8d33a92dfb66",
            "sample_2.txt:md5,0e652d35ef6e9272aa194b55db609e75",
            "sample_3.txt:md5,dde77ae2dc240ee4717d8d33a92dfb66"
        ],
        "meta": {
            "nf-test": "0.9.0",
            "nextflow": "24.04.3"
        },
        "timestamp": "2024-07-27T08:11:25.117843821"
    },
    "ampcombi": {
        "content": [
            "Ampcombi_cluster.log:md5,4c78f5f134edf566f39e04e3ab7d8558",
            "Ampcombi_complete.log:md5,3dabfea4303bf94bd4f5d78c5b8c83c1",
            true,
            true
        ],
        "meta": {
            "nf-test": "0.9.0",
            "nextflow": "24.04.3"
        },
        "timestamp": "2024-07-27T08:11:24.639509225"
    },
    "amrfinderplus": {
        "content": [
            "sample_1.tsv:md5,29cfb6f34f420d802eda95c6d9daa361",
            "sample_2.tsv:md5,d9b6565167d603a1f07cff2374db8eb2",
            "sample_3.tsv:md5,29cfb6f34f420d802eda95c6d9daa361"
        ],
        "meta": {
            "nf-test": "0.9.0",
            "nextflow": "24.04.3"
        },
        "timestamp": "2024-07-27T08:11:24.994284774"
    }
}